// Jest Snapshot v1, https://goo.gl/fbAQLP

exports[`StatusBar 1`] = `null`;
