// Jest Snapshot v1, https://goo.gl/fbAQLP

exports[`BookItem 1`] = `
<View
  accessible={true}
  collapsable={false}
  focusable={true}
  nativeID="animatedComponent"
  onClick={[Function]}
  onResponderGrant={[Function]}
  onResponderMove={[Function]}
  onResponderRelease={[Function]}
  onResponderTerminate={[Function]}
  onResponderTerminationRequest={[Function]}
  onStartShouldSetResponder={[Function]}
  style={
    Object {
      "display": "flex",
      "marginBottom": 24,
      "opacity": 1,
    }
  }
  testID="book-item"
>
  <View
    style={
      Array [
        Object {
          "alignItems": "center",
          "display": "flex",
          "flexDirection": "row",
        },
      ]
    }
  >
    <RNSVGSvgView
      align="xMidYMid"
      bbHeight={40}
      bbWidth={40}
      focusable={false}
      height={40}
      meetOrSlice={0}
      minX={0}
      minY={0}
      style={
        Array [
          Object {
            "backgroundColor": "transparent",
            "borderWidth": 0,
          },
          Object {
            "marginLeft": -4,
          },
          Object {
            "flex": 0,
            "height": 40,
            "width": 40,
          },
        ]
      }
      vbHeight={512}
      vbWidth={384}
      width={40}
    >
      <RNSVGGroup>
        <RNSVGGroup>
          <RNSVGPath
            d="M256 0H24A23.94 23.94 0 000 23.88V488a23.94 23.94 0 0023.88 24H360a23.94 23.94 0 0024-23.88V128H272a16 16 0 01-16-16z"
            fill={4283668206}
            propList={
              Array [
                "fill",
              ]
            }
          />
          <RNSVGPath
            d="M384 121.9v6.1H272a16 16 0 01-16-16V0h6.1a24 24 0 0117 7l97.9 98a23.9 23.9 0 017 16.9z"
            fill={4283668206}
            propList={
              Array [
                "fill",
              ]
            }
          />
        </RNSVGGroup>
        <RNSVGText
          content={null}
          dx={Array []}
          dy={Array []}
          fill={4294967295}
          font={
            Object {
              "fontSize": "120",
              "fontWeight": "bold",
              "textAnchor": "middle",
            }
          }
          propList={
            Array [
              "fill",
            ]
          }
          rotate={Array []}
          x={
            Array [
              "192",
            ]
          }
          y={
            Array [
              "440",
            ]
          }
        >
          <RNSVGTSpan
            content="EPUB"
            dx={Array []}
            dy={Array []}
            font={Object {}}
            rotate={Array []}
            x={Array []}
            y={Array []}
          />
        </RNSVGText>
      </RNSVGGroup>
    </RNSVGSvgView>
    <View
      style={
        Array [
          Object {
            "display": "flex",
            "flex": 1,
            "marginLeft": 8,
          },
        ]
      }
    >
      <Text
        style={
          Array [
            Object {
              "color": "#092D5D",
              "display": "flex",
              "fontSize": 16,
            },
          ]
        }
      >
        Test result
      </Text>
    </View>
  </View>
</View>
`;
